
> pretty-portfolio@0.0.0 build
> vite build

[36mvite v5.4.10 [32mbuilding for production...[36m[39m
transforming...
[32mΓ£ô[39m 75 modules transformed.
rendering chunks...
computing gzip size...
[2mdist/[22m[32mindex.html                 [39m[1m[2m  0.91 kB[22m[1m[22m[2m Γöé gzip:  0.43 kB[22m
[2mdist/[22m[35massets/index-DCU3-GOB.css  [39m[1m[2m 46.02 kB[22m[1m[22m[2m Γöé gzip:  8.16 kB[22m
[2mdist/[22m[36massets/index-DeEblB3E.js   [39m[1m[2m168.50 kB[22m[1m[22m[2m Γöé gzip: 53.45 kB[22m
[32mΓ£ô built in 2.26s[39m
